[周五 2026/08/14  0:29:36.83] ==== START ==== 
[ 0:29:36.83] daily_scan ... 
  🧠 建议Serenity深挖: AI芯片 先进封装 光通信/CPO MLCC
     手动运行: python serenity_hunter.py <板块名>
🔭 前瞻清单已生成: engine/output/forward_search_checklist.md
扫描完成: 7个异动 | 6.5s | 2026-08-14
[ 0:29:43.55] yaogu_hunter ... 
📅 目标交易日: 20260814

当日涨停: 59只
板块热度TOP10: 医疗服务(6), 汽车零部(4), 电力(4), 通信设备(3), 中药Ⅱ(3), 装修装饰(2), 饮料乳品(2), 综合Ⅱ(2), 通用设备(2), 专用设备(2)

======================================================================
🏆 妖股候选池 TOP20（按基因打分）
======================================================================

1. 🔥 惠天热电(000692) 总分77
   流通26亿(小) | 股价4.9元(低) | 换手8.5%(理想) | 开板0次(坚决) | 封单占流通1.1%(弱) | 2板(接力) | 板块[电力]热度4

2. 🔥 澳洋健康(002172) 总分73
   流通31亿(小) | 股价4.1元(低) | 换手3.0%(偏低锁筹) | 开板0次(坚决) | 封单占流通3.2%(中) | 2板(接力) | 板块[医疗服务]热度6

3. 🔥 联诚精密(002921) 总分66
   流通31亿(小) | 股价24.6元(中) | 换手7.3%(理想) | 开板0次(坚决) | 封单占流通2.1%(中) | 首板 | 板块[汽车零部]热度4 | 板块普涨首板=跟风(确定性差)

4. 🔥 群兴玩具(002575) 总分65
   流通35亿(小) | 股价6.1元(低) | 换手3.7%(偏低锁筹) | 开板0次(坚决) | 封单占流通3.4%(中) | 首板 | 板块[综合Ⅱ]热度2

5. 🔥 神奇制药(600613) 总分65
   流通27亿(小) | 股价5.8元(低) | 换手4.9%(偏低锁筹) | 开板0次(坚决) | 封单占流通3.6%(中) | 首板 | 板块[化学制药]热度2

6. ⭐ 兆日科技(300333) 总分61
   流通35亿(小) | 股价10.6元(中低) | 换手0.9%(异常) | 开板0次(坚决) | 封单占流通5.1%(强) | 2板(接力) | 板块[计算机设]热度1 | 独苗+高连板=独立逻辑龙头

7. ⭐ 出版传媒(601999) 总分61
   流通37亿(小) | 股价6.7元(低) | 换手5.6%(理想) | 开板2次(尚可) | 封单占流通0.4%(弱) | 首板 | 板块[出版]热度1

8. ⭐ 道生天合(601026) 总分61
   流通18亿(极小) | 股价16.6元(中) | 换手12.0%(理想) | 开板1次(尚可) | 封单占流通2.2%(中) | 首板 | 板块[风电设备]热度1

9. ⭐ 中持股份(603903) 总分61
   流通36亿(小) | 股价14.2元(中低) | 换手6.4%(理想) | 开板0次(坚决) | 封单占流通0.5%(弱) | 首板 | 板块[环境治理]热度1

10. ⭐ 滨海能源(000695) 总分61
   流通31亿(小) | 股价14.4元(中低) | 换手7.7%(理想) | 开板0次(坚决) | 封单占流通0.5%(弱) | 首板 | 板块[电池]热度1

11. ⭐ 华西股份(000936) 总分60
   流通56亿(中小) | 股价6.3元(低) | 换手2.9%(偏低锁筹) | 开板0次(坚决) | 封单占流通2.3%(中) | 2板(接力) | 板块[化学纤维]热度1 | 独苗+高连板=独立逻辑龙头

12. ⭐ 中基健康(000972) 总分58
   流通29亿(小) | 股价3.8元(低) | 换手2.1%(偏低锁筹) | 开板0次(坚决) | 封单占流通0.4%(弱) | 首板 | 板块[农产品加]热度1

13. ⭐ 海洋王(002724) 总分58
   流通34亿(小) | 股价6.2元(低) | 换手3.9%(偏低锁筹) | 开板0次(坚决) | 封单占流通1.4%(弱) | 首板 | 板块[照明设备]热度1

14. ⭐ 佛慈制药(002644) 总分57
   流通44亿(中小) | 股价8.8元(低) | 换手5.0%(理想) | 开板1次(尚可) | 封单占流通0.4%(弱) | 首板 | 板块[中药Ⅱ]热度3 | 板块普涨首板=跟风(确定性差)

15. ⭐ 兰卫医学(301060) 总分57
   流通43亿(中小) | 股价12.0元(中低) | 换手10.7%(理想) | 开板0次(坚决) | 封单占流通1.2%(弱) | 首板 | 板块[医疗服务]热度6 | 板块普涨首板=跟风(确定性差)

16. ⭐ 佳力图(603912) 总分55
   流通48亿(中小) | 股价8.9元(低) | 换手6.7%(理想) | 开板1次(尚可) | 封单占流通1.2%(弱) | 首板 | 板块[通用设备]热度2

17. ⭐ 威派格(603956) 总分55
   流通45亿(中小) | 股价8.0元(低) | 换手6.3%(理想) | 开板1次(尚可) | 封单占流通1.7%(弱) | 首板 | 板块[专用设备]热度2

18. ⭐ 天洋新材(603330) 总分54
   流通39亿(小) | 股价9.7元(低) | 换手16.6%(偏高) | 开板7次(炸板) | 封单占流通1.2%(弱) | 2板(接力) | 板块[塑料]热度1 | 独苗+高连板=独立逻辑龙头

19. ⭐ 方盛制药(603998) 总分53
   流通47亿(中小) | 股价10.8元(中低) | 换手9.1%(理想) | 开板1次(尚可) | 封单占流通1.0%(弱) | 首板 | 板块[中药Ⅱ]热度3 | 板块普涨首板=跟风(确定性差)

20. ⭐ 新里程(002219) 总分51
   流通81亿(大) | 股价2.5元(低) | 换手7.6%(理想) | 开板0次(坚决) | 封单占流通0.8%(弱) | 首板 | 板块[医疗服务]热度6 | 板块普涨首板=跟风(确定性差)

======================================================================
🚀 连板高度榜（3板+，独立显示——高位妖股另一套逻辑）
======================================================================
  5板 秦安股份(603758) [汽车零部]
  4板 北京文化(000802) [影视院线]
  4板 皇氏集团(002329) [饮料乳品]
  4板 蓝盾光电(300862) [通用设备]
  4板 同力天启(605286) [专用设备]
  4板 京投发展(600683) [房地产开]
  4板 一鸣食品(605179) [饮料乳品]
  3板 城地香江(603887) [IT服务Ⅱ]
  3板 亚泰集团(600881) [综合Ⅱ]
  ⚠️ 高度板已从候选池减分，此处仅作行情跟踪——4板+接力风险极高

======================================================================
📊 解读：总分65+ = 强妖股候选，45-65 = 关注，<45 = 观察
💡 打分会经过13-Agent流水线二次验证，雷股标记: --mark-risk <代码> <原因>
⚠️ 本工具仅做概率筛选，不构成投资建议。妖股是幸存者偏差，请理性看待。
[ 0:29:49.94] build_static ... 
✅ 纯静态网站生成完成: 15 个板块
   输出: docs
   构建时间: 2026-08-14 00:29:50
   首页: 67KB | 最大板块页: sector/market-pulse.html (67KB)
[ 0:29:50.22] git push ... 
